[html.kodesolution.com/2025/digitaal-html/index.html]
[backblue.gif]
[fade.gif]
[index.html]
[html.kodesolution.com/2025/digitaal-html/css/bootstrap.min.css]
[html.kodesolution.com/2025/digitaal-html/css/style.css]
[html.kodesolution.com/2025/digitaal-html/images/favicon.png]
[html.kodesolution.com/2025/digitaal-html/images/icons/section-bg-shape1.png]
[html.kodesolution.com/2025/digitaal-html/images/icons/section-bg-shape2.png]
[html.kodesolution.com/2025/digitaal-html/images/logo-2.png]
[html.kodesolution.com/2025/digitaal-html/index-2.html]
[html.kodesolution.com/2025/digitaal-html/index-3.html]
[html.kodesolution.com/2025/digitaal-html/index-4.html]
[html.kodesolution.com/2025/digitaal-html/index-5.html]
[html.kodesolution.com/2025/digitaal-html/index-6.html]
[html.kodesolution.com/2025/digitaal-html/index-7.html]
[html.kodesolution.com/2025/digitaal-html/page-about.html]
[html.kodesolution.com/2025/digitaal-html/page-pricing.html]
[html.kodesolution.com/2025/digitaal-html/page-testimonial.html]
[html.kodesolution.com/2025/digitaal-html/page-faq.html]
[html.kodesolution.com/2025/digitaal-html/page-team.html]
[html.kodesolution.com/2025/digitaal-html/page-team-details.html]
[html.kodesolution.com/2025/digitaal-html/shop-products.html]
[html.kodesolution.com/2025/digitaal-html/shop-products-sidebar.html]
[html.kodesolution.com/2025/digitaal-html/shop-product-details.html]
[html.kodesolution.com/2025/digitaal-html/shop-cart.html]
[html.kodesolution.com/2025/digitaal-html/shop-checkout.html]
[html.kodesolution.com/2025/digitaal-html/news-grid.html]
[html.kodesolution.com/2025/digitaal-html/news-details.html]
[html.kodesolution.com/2025/digitaal-html/page-404.html]
[html.kodesolution.com/2025/digitaal-html/page-services.html]
[html.kodesolution.com/2025/digitaal-html/page-service-details.html]
[html.kodesolution.com/2025/digitaal-html/page-project.html]
[html.kodesolution.com/2025/digitaal-html/page-project-details.html]
[html.kodesolution.com/2025/digitaal-html/page-contact.html]
[html.kodesolution.com/2025/digitaal-html/images/icons/shape-line-icon.png]
[html.kodesolution.com/2025/digitaal-html/images/icons/shape-style1.png]
[html.kodesolution.com/2025/digitaal-html/images/icons/shape-style4.png]
[html.kodesolution.com/2025/digitaal-html/images/icons/shape-style43.png]
[html.kodesolution.com/2025/digitaal-html/images/icons/shape-style3.png]
[html.kodesolution.com/2025/digitaal-html/images/icons/shape-style2.png]
[html.kodesolution.com/2025/digitaal-html/images/banner/banner1-1.jpg]
[html.kodesolution.com/2025/digitaal-html/images/resource/customer1.png]
[html.kodesolution.com/2025/digitaal-html/images/icons/theme-icon29.png]
[html.kodesolution.com/2025/digitaal-html/images/icons/theme-icon30.png]
[html.kodesolution.com/2025/digitaal-html/images/icons/shape-style64.png]
[html.kodesolution.com/2025/digitaal-html/images/icons/sub-title-shape.png]
[html.kodesolution.com/2025/digitaal-html/images/resource/user.png]
[html.kodesolution.com/2025/digitaal-html/images/icons/shape-style15.png]
[html.kodesolution.com/2025/digitaal-html/images/icons/title-image.png]
[html.kodesolution.com/2025/digitaal-html/images/resource/service1-1.jpg]
[html.kodesolution.com/2025/digitaal-html/images/icons/theme-icon1.png]
[html.kodesolution.com/2025/digitaal-html/images/resource/service1-2.jpg]
[html.kodesolution.com/2025/digitaal-html/images/icons/theme-icon2.png]
[html.kodesolution.com/2025/digitaal-html/images/resource/service1-3.jpg]
[html.kodesolution.com/2025/digitaal-html/images/icons/theme-icon3.png]
[html.kodesolution.com/2025/digitaal-html/images/icons/dotted-map-4.png]
[html.kodesolution.com/2025/digitaal-html/images/resource/wa-sketch.png]
[html.kodesolution.com/2025/digitaal-html/images/resource/wa-photoshop.png]
[html.kodesolution.com/2025/digitaal-html/images/resource/wa-figma.png]
[html.kodesolution.com/2025/digitaal-html/images/resource/wa-invision.png]
[html.kodesolution.com/2025/digitaal-html/images/resource/wa-xd.png]
[html.kodesolution.com/2025/digitaal-html/images/resource/wa-Illustration.png]
[html.kodesolution.com/2025/digitaal-html/images/icons/shape-style20.png]
[html.kodesolution.com/2025/digitaal-html/images/icons/shape-style21.png]
[html.kodesolution.com/2025/digitaal-html/images/resource/project1-1.jpg]
[html.kodesolution.com/2025/digitaal-html/images/resource/project1-2.jpg]
[html.kodesolution.com/2025/digitaal-html/images/resource/project1-3.jpg]
[html.kodesolution.com/2025/digitaal-html/images/resource/project1-4.jpg]
[html.kodesolution.com/2025/digitaal-html/images/icons/theme-icon4.png]
[html.kodesolution.com/2025/digitaal-html/images/background/bg-video4.jpg]
[html.kodesolution.com/2025/digitaal-html/images/icons/shape-style22.png]
[html.kodesolution.com/2025/digitaal-html/images/icons/theme-icon32.png]
[html.kodesolution.com/2025/digitaal-html/images/resource/award2-3.png]
[html.kodesolution.com/2025/digitaal-html/images/icons/shape-style50.png]
[html.kodesolution.com/2025/digitaal-html/images/icons/shape-style51.png]
[html.kodesolution.com/2025/digitaal-html/images/icons/shape-style6.png]
[html.kodesolution.com/2025/digitaal-html/images/resource/testi1-1.jpg]
[html.kodesolution.com/2025/digitaal-html/images/icons/shape-style52.png]
[html.kodesolution.com/2025/digitaal-html/images/icons/theme-icon5.png]
[html.kodesolution.com/2025/digitaal-html/images/icons/theme-icon6.png]
[html.kodesolution.com/2025/digitaal-html/images/icons/theme-icon7.png]
[html.kodesolution.com/2025/digitaal-html/images/icons/theme-icon8.png]
[html.kodesolution.com/2025/digitaal-html/images/resource/blog1-1.jpg]
[html.kodesolution.com/2025/digitaal-html/images/resource/blog1-2.jpg]
[html.kodesolution.com/2025/digitaal-html/images/resource/blog1-3.jpg]
[html.kodesolution.com/2025/digitaal-html/images/icons/shape-style23.png]
[html.kodesolution.com/2025/digitaal-html/images/icons/dotted-map-5.png]
[html.kodesolution.com/2025/digitaal-html/images/icons/arrow-border.png]
[html.kodesolution.com/2025/digitaal-html/images/resource/client1-1.png]
[html.kodesolution.com/2025/digitaal-html/images/resource/client1-2.png]
[html.kodesolution.com/2025/digitaal-html/images/resource/client1-3.png]
[html.kodesolution.com/2025/digitaal-html/images/resource/client1-4.png]
[html.kodesolution.com/2025/digitaal-html/images/resource/client1-5.png]
[html.kodesolution.com/2025/digitaal-html/images/icons/shape-style53.png]
[html.kodesolution.com/cdn-cgi/scripts/5c5dd728/cloudflare-static/email-decode.min.js]
[html.kodesolution.com/2025/digitaal-html/js/jquery.js]
[html.kodesolution.com/2025/digitaal-html/js/popper.min.js]
[html.kodesolution.com/2025/digitaal-html/js/bootstrap.min.js]
[html.kodesolution.com/2025/digitaal-html/js/jquery.fancybox.js]
[html.kodesolution.com/2025/digitaal-html/js/wow.js]
[html.kodesolution.com/2025/digitaal-html/js/jquery-ui.js]
[html.kodesolution.com/2025/digitaal-html/js/select2.min.js]
[html.kodesolution.com/2025/digitaal-html/js/appear.js]
[html.kodesolution.com/2025/digitaal-html/js/knob.js]
[html.kodesolution.com/2025/digitaal-html/js/swiper.min.js]
[html.kodesolution.com/2025/digitaal-html/js/aos.js]
[html.kodesolution.com/2025/digitaal-html/js/gsap.min.js]
[html.kodesolution.com/2025/digitaal-html/js/ScrollTrigger.min.js]
[html.kodesolution.com/2025/digitaal-html/js/splitType.js]
[html.kodesolution.com/2025/digitaal-html/js/gsap-scroll-smoother.js]
[html.kodesolution.com/2025/digitaal-html/js/gsap-scroll-to-plugin.js]
[html.kodesolution.com/2025/digitaal-html/js/SplitText.min.js]
[html.kodesolution.com/2025/digitaal-html/js/custom-gsap.js]
[html.kodesolution.com/2025/digitaal-html/index.html]
[html.kodesolution.com/2025/digitaal-html/css/bootstrap.min.css]
[html.kodesolution.com/2025/digitaal-html/js/script.js]
[html.kodesolution.com/2025/digitaal-html/css/animate.css]
[html.kodesolution.com/2025/digitaal-html/css/aos.css]
[html.kodesolution.com/2025/digitaal-html/css/swiper.min.css]
[html.kodesolution.com/2025/digitaal-html/css/jquery.fancybox.min.css]
[html.kodesolution.com/2025/digitaal-html/css/jquery-ui.css]
[html.kodesolution.com/2025/digitaal-html/css/linear.css]
[html.kodesolution.com/2025/digitaal-html/css/select2.min.css]
[html.kodesolution.com/2025/digitaal-html/css/fontawesome.css]
[html.kodesolution.com/2025/digitaal-html/css/flaticon-digitaal.css]
[html.kodesolution.com/2025/digitaal-html/css/tm-bs-mp.css]
[html.kodesolution.com/2025/digitaal-html/css/tm-utility-classes.css]
[html.kodesolution.com/2025/digitaal-html/images/logo.png]
[html.kodesolution.com/2025/digitaal-html/images/icons/preloader.png]
[html.kodesolution.com/2025/digitaal-html/images/icons/pattern-1.png]
[html.kodesolution.com/2025/digitaal-html/images/icons/pattern-2.png]
[html.kodesolution.com/2025/digitaal-html/images/icons/pattern-3.png]
[html.kodesolution.com/2025/digitaal-html/images/icons/pattern-4.png]
[html.kodesolution.com/2025/digitaal-html/images/icons/pattern-5.png]
[html.kodesolution.com/2025/digitaal-html/images/icons/pattern-6.png]
[html.kodesolution.com/2025/digitaal-html/images/icons/icon-wheel-1.png]
[html.kodesolution.com/2025/digitaal-html/images/icons/icon-wheel-2.png]
[html.kodesolution.com/2025/digitaal-html/images/icons/icon-wheel-3.png]
[html.kodesolution.com/2025/digitaal-html/images/icons/icon-wheel-5.png]
[html.kodesolution.com/2025/digitaal-html/images/icons/icon-wheel-compass-1.png]
[html.kodesolution.com/2025/digitaal-html/images/icons/icon-wheel-compass-2.png]
[html.kodesolution.com/2025/digitaal-html/images/icons/icon-wheel-compass-3.png]
[html.kodesolution.com/2025/digitaal-html/images/icons/icon-anchor-1.png]
[html.kodesolution.com/2025/digitaal-html/images/icons/icon-sailboat-line-1.png]
[html.kodesolution.com/2025/digitaal-html/images/icons/icon-sailboat-line-3.png]
[html.kodesolution.com/2025/digitaal-html/images/icons/icon-sailboat-line-4.png]
[html.kodesolution.com/2025/digitaal-html/images/icons/icon-big-boat-1.png]
[html.kodesolution.com/2025/digitaal-html/images/icons/icon-big-boat-2.png]
[html.kodesolution.com/2025/digitaal-html/images/icons/icon-big-boat-3.png]
[html.kodesolution.com/2025/digitaal-html/images/icons/icon-big-boat-5.png]
[html.kodesolution.com/2025/digitaal-html/images/background/footer1-pattern1.png]
[html.kodesolution.com/2025/digitaal-html/images/background/footer1-pattern2.png]
[html.kodesolution.com/2025/digitaal-html/images/icons/icon-plane-1.png]
[html.kodesolution.com/2025/digitaal-html/images/icons/icon-plane-2.png]
[html.kodesolution.com/2025/digitaal-html/images/icons/icon-plane-3.png]
[html.kodesolution.com/2025/digitaal-html/images/icons/icon-plane-4.png]
[html.kodesolution.com/2025/digitaal-html/images/icons/icon-plane-5.png]
[html.kodesolution.com/2025/digitaal-html/images/icons/icon-plane-6.png]
[html.kodesolution.com/2025/digitaal-html/images/icons/icon-plane-7.png]
[html.kodesolution.com/2025/digitaal-html/images/icons/icon-plane-8.png]
[html.kodesolution.com/2025/digitaal-html/images/icons/icon-plane-9.png]
[html.kodesolution.com/2025/digitaal-html/images/banner/icon-big-arrow.png]
[html.kodesolution.com/2025/digitaal-html/images/icons/icon-arrow.png]
[html.kodesolution.com/2025/digitaal-html/images/icons/icon-arrow-2.png]
[html.kodesolution.com/2025/digitaal-html/images/icons/icon-big-bus.png]
[html.kodesolution.com/2025/digitaal-html/images/icons/icon-bus.png]
[html.kodesolution.com/2025/digitaal-html/images/icons/icon-bus-2.png]
[html.kodesolution.com/2025/digitaal-html/images/icons/icon-bus-3.png]
[html.kodesolution.com/2025/digitaal-html/images/icons/overlay-1.png]
[html.kodesolution.com/2025/digitaal-html/images/icons/overlay-2.png]
[html.kodesolution.com/2025/digitaal-html/images/icons/overlay-3.png]
[html.kodesolution.com/2025/digitaal-html/images/icons/overlay-4.png]
[html.kodesolution.com/2025/digitaal-html/images/icons/overlay-5.png]
[html.kodesolution.com/2025/digitaal-html/images/icons/overlay-6.png]
[html.kodesolution.com/2025/digitaal-html/images/icons/icon-box.png]
[html.kodesolution.com/2025/digitaal-html/images/icons/icon-box-2.png]
[html.kodesolution.com/2025/digitaal-html/images/icons/icon-border-3.png]
[html.kodesolution.com/2025/digitaal-html/images/icons/icon-quote.png]
[html.kodesolution.com/2025/digitaal-html/images/icons/icon-quote-2.png]
[html.kodesolution.com/2025/digitaal-html/images/icons/icon-container.png]
[html.kodesolution.com/2025/digitaal-html/images/icons/icon-dots.png]
[html.kodesolution.com/2025/digitaal-html/images/icons/icon-dots-2.png]
[html.kodesolution.com/2025/digitaal-html/images/icons/icon-dots-3.png]
[html.kodesolution.com/2025/digitaal-html/images/icons/icon-dots-4.png]
[html.kodesolution.com/2025/digitaal-html/images/icons/icon-dots-5.png]
[html.kodesolution.com/2025/digitaal-html/images/icons/icon-dotted-map.png]
[html.kodesolution.com/2025/digitaal-html/images/icons/icon-dotted-map-2.png]
[html.kodesolution.com/2025/digitaal-html/images/icons/icon-city.png]
[html.kodesolution.com/2025/digitaal-html/images/icons/icon-city-2.png]
[html.kodesolution.com/2025/digitaal-html/images/icons/bg-lines.jpg]
[html.kodesolution.com/2025/digitaal-html/images/icons/icon-city-3.png]
[html.kodesolution.com/2025/digitaal-html/images/resource/instagram1-6.png]
[html.kodesolution.com/2025/digitaal-html/images/resource/instagram1-7.png]
[html.kodesolution.com/2025/digitaal-html/images/banner/banner1-frame1.png]
[html.kodesolution.com/2025/digitaal-html/images/banner/banner5-2.png]
[html.kodesolution.com/2025/digitaal-html/images/icons/dotted-map-2.png]
[html.kodesolution.com/2025/digitaal-html/images/icons/dotted-map-3.png]
[html.kodesolution.com/2025/digitaal-html/images/icons/theme-icon34.png]
[html.kodesolution.com/2025/digitaal-html/images/icons/theme-flower2.png]
[html.kodesolution.com/2025/digitaal-html/images/main-slider/slide-shape-bottom.png]
[html.kodesolution.com/2025/digitaal-html/images/main-slider/slide-shape-bottom2.png]
[html.kodesolution.com/2025/digitaal-html/images/resource/service2-frame1.png]
[html.kodesolution.com/2025/digitaal-html/images/resource/service5-mask1.png]
[html.kodesolution.com/2025/digitaal-html/images/icons/quote1-2.png]
[html.kodesolution.com/2025/digitaal-html/images/resource/testimonial-pattrn1-1.png]
[html.kodesolution.com/2025/digitaal-html/images/icons/shape-style44.png]
[html.kodesolution.com/2025/digitaal-html/images/resource/blog3-mask1.png]
[html.kodesolution.com/2025/digitaal-html/images/icons/footer-bg-1.png]
[html.kodesolution.com/2025/digitaal-html/images/icons/footer-bg-2.png]
[html.kodesolution.com/2025/digitaal-html/images/icons/footer-bg-3.png]
[html.kodesolution.com/2025/digitaal-html/images/icons/footer-bg-4.png]
[html.kodesolution.com/2025/digitaal-html/images/icons/footer-bg-5.png]
[html.kodesolution.com/2025/digitaal-html/images/icons/footer-bg-6.png]
[html.kodesolution.com/2025/digitaal-html/images/icons/footer-bg-7.png]
[html.kodesolution.com/2025/digitaal-html/images/icons/footer-bg-8.png]
[html.kodesolution.com/2025/digitaal-html/images/icons/footer-bg-9.png]
[html.kodesolution.com/2025/digitaal-html/images/icons/footer-bg-10.png]
[html.kodesolution.com/2025/digitaal-html/images/icons/footer-bg-11.png]
[html.kodesolution.com/2025/digitaal-html/images/icons/pattern-7.png]
[html.kodesolution.com/2025/digitaal-html/images/icons/cat-1-bg.png]
[html.kodesolution.com/2025/digitaal-html/images/icons/cat-2-bg.png]
[html.kodesolution.com/2025/digitaal-html/images/icons/cat-3-bg.png]
[html.kodesolution.com/2025/digitaal-html/images/icons/cat-4-bg.png]
[html.kodesolution.com/2025/digitaal-html/images/icons/pattern-8.png]
[html.kodesolution.com/2025/digitaal-html/images/icons/shape-7.png]
[html.kodesolution.com/2025/digitaal-html/css/style.css]
[html.kodesolution.com/2025/digitaal-html/images/banner/banner2-1.png]
[html.kodesolution.com/2025/digitaal-html/images/icons/shape-3.png]
[html.kodesolution.com/2025/digitaal-html/images/icons/circle-text1.png]
[html.kodesolution.com/2025/digitaal-html/images/banner/banner2-2.png]
[html.kodesolution.com/2025/digitaal-html/images/icons/theme-icon33.png]
[html.kodesolution.com/2025/digitaal-html/images/icons/shape-style24.png]
[html.kodesolution.com/2025/digitaal-html/images/icons/theme-icon9.png]
[html.kodesolution.com/2025/digitaal-html/images/icons/theme-icon10.png]
[html.kodesolution.com/2025/digitaal-html/images/icons/theme-icon11.png]
[html.kodesolution.com/2025/digitaal-html/images/icons/shape-1.png]
[html.kodesolution.com/2025/digitaal-html/images/icons/shape-style25.png]
[html.kodesolution.com/2025/digitaal-html/images/resource/about1-1.png]
[html.kodesolution.com/2025/digitaal-html/images/icons/section-bg-shape3.png]
[html.kodesolution.com/2025/digitaal-html/images/resource/project2-1.jpg]
[html.kodesolution.com/2025/digitaal-html/images/resource/project2-2.jpg]
[html.kodesolution.com/2025/digitaal-html/images/resource/project2-3.jpg]
[html.kodesolution.com/2025/digitaal-html/images/icons/shape-style7.png]
[html.kodesolution.com/2025/digitaal-html/images/icons/shape-style26.png]
[html.kodesolution.com/2025/digitaal-html/images/resource/team1-1.png]
[html.kodesolution.com/2025/digitaal-html/images/resource/team1-2.png]
[html.kodesolution.com/2025/digitaal-html/images/resource/team1-3.png]
[html.kodesolution.com/2025/digitaal-html/images/icons/section-bg-shape17.png]
[html.kodesolution.com/2025/digitaal-html/images/icons/logo-trustpilot.png]
[html.kodesolution.com/2025/digitaal-html/images/icons/logo-google.png]
[html.kodesolution.com/2025/digitaal-html/images/resource/blog2-1.jpg]
[html.kodesolution.com/2025/digitaal-html/images/resource/blog2-2.jpg]
[html.kodesolution.com/2025/digitaal-html/images/resource/blog2-3.jpg]
[html.kodesolution.com/2025/digitaal-html/images/icons/shape-style54.png]
[html.kodesolution.com/2025/digitaal-html/js/gsap.js]
[html.kodesolution.com/2025/digitaal-html/js/ScrollSmoother.min.js]
[html.kodesolution.com/2025/digitaal-html/index-2.html]
[html.kodesolution.com/2025/digitaal-html/js/jquery-scrolltofixed-min.js]
[html.kodesolution.com/2025/digitaal-html/images/logo-3.png]
[html.kodesolution.com/2025/digitaal-html/images/icons/shape-style17.png]
[html.kodesolution.com/2025/digitaal-html/images/icons/shape-style27.png]
[html.kodesolution.com/2025/digitaal-html/images/icons/shape-style28.png]
[html.kodesolution.com/2025/digitaal-html/images/icons/arrow-down.png]
[html.kodesolution.com/2025/digitaal-html/images/banner/banner3-2.png]
[html.kodesolution.com/2025/digitaal-html/images/icons/shape-style29.png]
[html.kodesolution.com/2025/digitaal-html/images/icons/shape-style30.png]
[html.kodesolution.com/2025/digitaal-html/images/icons/shape-style31.png]
[html.kodesolution.com/2025/digitaal-html/images/background/bg-video2.jpg]
[html.kodesolution.com/2025/digitaal-html/images/resource/stylish-title.svg]
[html.kodesolution.com/2025/digitaal-html/images/icons/theme-icon16.png]
[html.kodesolution.com/2025/digitaal-html/images/icons/theme-icon17.png]
[html.kodesolution.com/2025/digitaal-html/images/icons/theme-icon18.png]
[html.kodesolution.com/2025/digitaal-html/images/icons/section-bg-shape5.png]
[html.kodesolution.com/2025/digitaal-html/images/resource/project3-1.jpg]
[html.kodesolution.com/2025/digitaal-html/images/resource/project3-2.jpg]
[html.kodesolution.com/2025/digitaal-html/images/resource/project3-3.jpg]
[html.kodesolution.com/2025/digitaal-html/images/resource/project3-4.jpg]
[html.kodesolution.com/2025/digitaal-html/images/icons/section-bg-shape6.png]
[html.kodesolution.com/2025/digitaal-html/images/resource/service2-1.png]
[html.kodesolution.com/2025/digitaal-html/images/icons/shape-style9.png]
[html.kodesolution.com/2025/digitaal-html/images/icons/section-bg-shape7.png]
[html.kodesolution.com/2025/digitaal-html/images/resource/team2-1.png]
[html.kodesolution.com/2025/digitaal-html/images/resource/team2-2.png]
[html.kodesolution.com/2025/digitaal-html/images/resource/team2-3.png]
[html.kodesolution.com/2025/digitaal-html/images/icons/section-bg-shape8.png]
[html.kodesolution.com/2025/digitaal-html/images/icons/theme-icon36.png]
[html.kodesolution.com/2025/digitaal-html/images/icons/theme-icon37.png]
[html.kodesolution.com/2025/digitaal-html/images/icons/theme-icon38.png]
[html.kodesolution.com/2025/digitaal-html/images/resource/client2-1.png]
[html.kodesolution.com/2025/digitaal-html/images/resource/client2-2.png]
[html.kodesolution.com/2025/digitaal-html/images/resource/client2-3.png]
[html.kodesolution.com/2025/digitaal-html/images/resource/client2-4.png]
[html.kodesolution.com/2025/digitaal-html/images/resource/client2-5.png]
[html.kodesolution.com/2025/digitaal-html/images/resource/client2-6.png]
[html.kodesolution.com/2025/digitaal-html/images/resource/client2-7.png]
[html.kodesolution.com/2025/digitaal-html/images/resource/client2-8.png]
[html.kodesolution.com/2025/digitaal-html/images/icons/section-bg-shape13.png]
[html.kodesolution.com/2025/digitaal-html/images/resource/blog3-1.png]
[html.kodesolution.com/2025/digitaal-html/images/resource/blog3-2.png]
[html.kodesolution.com/2025/digitaal-html/images/resource/blog3-3.png]
[html.kodesolution.com/2025/digitaal-html/images/icons/theme-icon39.png]
[html.kodesolution.com/2025/digitaal-html/index-3.html]
[html.kodesolution.com/2025/digitaal-html/images/icons/shape-style18.png]
[html.kodesolution.com/2025/digitaal-html/images/icons/shape-style19.png]
[html.kodesolution.com/2025/digitaal-html/images/icons/section-bg-shape9.png]
[html.kodesolution.com/2025/digitaal-html/images/resource/client4-1.png]
[html.kodesolution.com/2025/digitaal-html/images/resource/client4-2.png]
[html.kodesolution.com/2025/digitaal-html/images/resource/client4-3.png]
[html.kodesolution.com/2025/digitaal-html/images/resource/client4-4.png]
[html.kodesolution.com/2025/digitaal-html/images/resource/client4-5.png]
[html.kodesolution.com/2025/digitaal-html/images/resource/about3-1.png]
[html.kodesolution.com/2025/digitaal-html/images/icons/shape-style32.png]
[html.kodesolution.com/2025/digitaal-html/images/resource/service3-1.jpg]
[html.kodesolution.com/2025/digitaal-html/images/icons/theme-icon19.png]
[html.kodesolution.com/2025/digitaal-html/images/resource/service3-2.jpg]
[html.kodesolution.com/2025/digitaal-html/images/icons/theme-icon20.png]
[html.kodesolution.com/2025/digitaal-html/images/resource/service3-3.jpg]
[html.kodesolution.com/2025/digitaal-html/images/icons/theme-icon21.png]
[html.kodesolution.com/2025/digitaal-html/images/resource/service3-4.jpg]
[html.kodesolution.com/2025/digitaal-html/images/icons/theme-icon22.png]
[html.kodesolution.com/2025/digitaal-html/images/icons/section-bg-shape14.png]
[html.kodesolution.com/2025/digitaal-html/images/resource/service8-1.jpg]
[html.kodesolution.com/2025/digitaal-html/images/resource/service8-2.jpg]
[html.kodesolution.com/2025/digitaal-html/images/resource/service8-3.jpg]
[html.kodesolution.com/2025/digitaal-html/images/resource/service8-4.jpg]
[html.kodesolution.com/2025/digitaal-html/images/icons/section-bg-shape10.png]
[html.kodesolution.com/2025/digitaal-html/images/icons/shape-style34.png]
[html.kodesolution.com/2025/digitaal-html/images/icons/shape-style56.png]
[html.kodesolution.com/2025/digitaal-html/images/icons/arrow-shape.png]
[html.kodesolution.com/2025/digitaal-html/images/icons/shape-style8.png]
[html.kodesolution.com/2025/digitaal-html/images/resource/award3-a1.png]
[html.kodesolution.com/2025/digitaal-html/images/resource/award3-1.png]
[html.kodesolution.com/2025/digitaal-html/images/resource/award3-a2.png]
[html.kodesolution.com/2025/digitaal-html/images/resource/award3-2.png]
[html.kodesolution.com/2025/digitaal-html/images/resource/award3-a3.png]
[html.kodesolution.com/2025/digitaal-html/images/resource/award3-3.png]
[html.kodesolution.com/2025/digitaal-html/images/resource/team3-1.png]
[html.kodesolution.com/2025/digitaal-html/images/resource/team3-2.png]
[html.kodesolution.com/2025/digitaal-html/images/resource/team3-3.png]
[html.kodesolution.com/2025/digitaal-html/images/icons/shape-style11.png]
[html.kodesolution.com/2025/digitaal-html/images/resource/testi4-1.jpg]
[html.kodesolution.com/2025/digitaal-html/images/resource/testi4-2.jpg]
[html.kodesolution.com/2025/digitaal-html/images/resource/testi4-3.jpg]
[html.kodesolution.com/2025/digitaal-html/images/resource/testi4-4.jpg]
[html.kodesolution.com/2025/digitaal-html/images/resource/testi4-5.jpg]
[html.kodesolution.com/2025/digitaal-html/images/resource/thumb1.png]
[html.kodesolution.com/2025/digitaal-html/images/resource/thumb2.png]
[html.kodesolution.com/2025/digitaal-html/images/resource/thumb3.png]
[html.kodesolution.com/2025/digitaal-html/images/icons/quote1-3.png]
[html.kodesolution.com/2025/digitaal-html/images/icons/shape-style55.png]
[html.kodesolution.com/2025/digitaal-html/index-4.html]
[html.kodesolution.com/2025/digitaal-html/images/icons/shape-style57.png]
[html.kodesolution.com/2025/digitaal-html/images/banner/banner5-3.png]
[html.kodesolution.com/2025/digitaal-html/images/icons/shape-style58.png]
[html.kodesolution.com/2025/digitaal-html/images/banner/banner5-1.jpg]
[html.kodesolution.com/2025/digitaal-html/images/icons/shape-style10.png]
[html.kodesolution.com/2025/digitaal-html/images/icons/shape-style59.png]
[html.kodesolution.com/2025/digitaal-html/images/icons/shape-style36.png]
[html.kodesolution.com/2025/digitaal-html/images/icons/theme-icon23.png]
[html.kodesolution.com/2025/digitaal-html/images/resource/service4-1.jpg]
[html.kodesolution.com/2025/digitaal-html/images/icons/theme-icon24.png]
[html.kodesolution.com/2025/digitaal-html/images/resource/service4-2.jpg]
[html.kodesolution.com/2025/digitaal-html/images/icons/theme-icon25.png]
[html.kodesolution.com/2025/digitaal-html/images/resource/service4-3.jpg]
[html.kodesolution.com/2025/digitaal-html/images/resource/project6-1.jpg]
[html.kodesolution.com/2025/digitaal-html/images/resource/project6-2.jpg]
[html.kodesolution.com/2025/digitaal-html/images/resource/project6-3.jpg]
[html.kodesolution.com/2025/digitaal-html/images/resource/project6-4.jpg]
[html.kodesolution.com/2025/digitaal-html/images/icons/shape-style60.png]
[html.kodesolution.com/2025/digitaal-html/images/resource/award2-1.png]
[html.kodesolution.com/2025/digitaal-html/images/resource/team4-1.png]
[html.kodesolution.com/2025/digitaal-html/images/resource/team4-2.png]
[html.kodesolution.com/2025/digitaal-html/images/resource/team4-3.png]
[html.kodesolution.com/2025/digitaal-html/images/resource/team4-4.png]
[html.kodesolution.com/2025/digitaal-html/images/resource/team4-5.png]
[html.kodesolution.com/2025/digitaal-html/images/icons/shape-style14.png]
[html.kodesolution.com/2025/digitaal-html/index-5.html]
[html.kodesolution.com/2025/digitaal-html/images/banner/banner6-2.png]
[html.kodesolution.com/2025/digitaal-html/images/banner/banner6-1.jpg]
[html.kodesolution.com/2025/digitaal-html/images/resource/about1-2.jpg]
[html.kodesolution.com/2025/digitaal-html/images/resource/about1-3.jpg]
[html.kodesolution.com/2025/digitaal-html/images/icons/shape-style45.png]
[html.kodesolution.com/2025/digitaal-html/images/resource/service5-1.jpg]
[html.kodesolution.com/2025/digitaal-html/images/icons/section-bg-shape12.png]
[html.kodesolution.com/2025/digitaal-html/images/icons/shape-style37.png]
[html.kodesolution.com/2025/digitaal-html/images/icons/shape-style61.png]
[html.kodesolution.com/2025/digitaal-html/images/background/bg-testimonial5.jpg]
[html.kodesolution.com/2025/digitaal-html/images/icons/shape-style47.png]
[html.kodesolution.com/2025/digitaal-html/images/background/faq-bg.png]
[html.kodesolution.com/2025/digitaal-html/images/icons/shape-style13.png]
[html.kodesolution.com/2025/digitaal-html/images/icons/shape-style62.png]
[html.kodesolution.com/2025/digitaal-html/images/icons/shape-style63.png]
[html.kodesolution.com/2025/digitaal-html/index-6.html]
[html.kodesolution.com/2025/digitaal-html/images/banner/banner7-1.png]
[html.kodesolution.com/2025/digitaal-html/images/banner/banner7-2.png]
[html.kodesolution.com/2025/digitaal-html/images/banner/banner7-3.png]
[html.kodesolution.com/2025/digitaal-html/images/banner/banner7-4.png]
[html.kodesolution.com/2025/digitaal-html/images/banner/banner7-5.png]
[html.kodesolution.com/2025/digitaal-html/images/resource/project7-1.jpg]
[html.kodesolution.com/2025/digitaal-html/images/resource/project7-2.jpg]
[html.kodesolution.com/2025/digitaal-html/images/resource/project7-3.jpg]
[html.kodesolution.com/2025/digitaal-html/images/icons/sub-title-shape-2.png]
[html.kodesolution.com/2025/digitaal-html/index-7.html]
[html.kodesolution.com/2025/digitaal-html/images/background/page-title.jpg]
[html.kodesolution.com/2025/digitaal-html/page-about.html]
[html.kodesolution.com/2025/digitaal-html/page-pricing.html]
[html.kodesolution.com/2025/digitaal-html/page-testimonial.html]
[html.kodesolution.com/2025/digitaal-html/page-faq.html]
[html.kodesolution.com/2025/digitaal-html/page-team.html]
[html.kodesolution.com/2025/digitaal-html/js/respond.js]
[html.kodesolution.com/2025/digitaal-html/images/resource/team.jpg]
[html.kodesolution.com/2025/digitaal-html/js/jquery.validate.min.js]
[html.kodesolution.com/2025/digitaal-html/js/jquery.form.min.js]
[html.kodesolution.com/2025/digitaal-html/page-team-details.html]
[html.kodesolution.com/2025/digitaal-html/js/custom-contact.js]
[html.kodesolution.com/2025/digitaal-html/images/resource/products/1.jpg]
[html.kodesolution.com/2025/digitaal-html/images/resource/products/2.jpg]
[html.kodesolution.com/2025/digitaal-html/images/resource/products/3.jpg]
[html.kodesolution.com/2025/digitaal-html/images/resource/products/4.jpg]
[html.kodesolution.com/2025/digitaal-html/images/resource/products/5.jpg]
[html.kodesolution.com/2025/digitaal-html/images/resource/products/6.jpg]
[html.kodesolution.com/2025/digitaal-html/images/resource/products/7.jpg]
[html.kodesolution.com/2025/digitaal-html/images/resource/products/8.jpg]
[html.kodesolution.com/2025/digitaal-html/shop-products.html]
[html.kodesolution.com/2025/digitaal-html/js/mixitup.js]
[html.kodesolution.com/2025/digitaal-html/shop-details.html]
[html.kodesolution.com/2025/digitaal-html/images/resource/products/thumb-1.jpg]
[html.kodesolution.com/2025/digitaal-html/images/resource/products/thumb-2.jpg]
[html.kodesolution.com/2025/digitaal-html/images/resource/products/thumb-3.jpg]
[html.kodesolution.com/2025/digitaal-html/shop-products-sidebar.html]
[html.kodesolution.com/2025/digitaal-html/index-1-single.html]
[html.kodesolution.com/2025/digitaal-html/index-2-single.html]
[html.kodesolution.com/2025/digitaal-html/index-3-single.html]
[html.kodesolution.com/2025/digitaal-html/index-4-single.html]
[html.kodesolution.com/2025/digitaal-html/index-5-single.html]
[html.kodesolution.com/2025/digitaal-html/index-6-single.html]
[html.kodesolution.com/2025/digitaal-html/index-7-single.html]
[html.kodesolution.com/2025/digitaal-html/index-1-dark.html]
[html.kodesolution.com/2025/digitaal-html/index-2-dark.html]
[html.kodesolution.com/2025/digitaal-html/index-3-dark.html]
[html.kodesolution.com/2025/digitaal-html/index-4-dark.html]
[html.kodesolution.com/2025/digitaal-html/index-5-dark.html]
[html.kodesolution.com/2025/digitaal-html/index-6-dark.html]
[html.kodesolution.com/2025/digitaal-html/index-7-dark.html]
[html.kodesolution.com/2025/digitaal-html/index-1-rtl.html]
[html.kodesolution.com/2025/digitaal-html/images/resource/products/product-details.png]
[html.kodesolution.com/2025/digitaal-html/images/resource/products/product-details2.png]
[html.kodesolution.com/2025/digitaal-html/images/resource/products/product-details3.png]
[html.kodesolution.com/2025/digitaal-html/images/resource/testi1-1.png]
[html.kodesolution.com/2025/digitaal-html/images/resource/testi1-2.png]
[html.kodesolution.com/2025/digitaal-html/shop-product-details.html]
[html.kodesolution.com/2025/digitaal-html/shop-cart.html]
[html.kodesolution.com/2025/digitaal-html/shop-checkout.html]
[html.kodesolution.com/2025/digitaal-html/news-grid.html]
[html.kodesolution.com/2025/digitaal-html/js/bxslider.js]
[html.kodesolution.com/2025/digitaal-html/images/resource/news-details.jpg]
[html.kodesolution.com/2025/digitaal-html/images/resource/news-1.jpg]
[html.kodesolution.com/2025/digitaal-html/images/resource/news-2.jpg]
[html.kodesolution.com/2025/digitaal-html/images/resource/news-3.jpg]
[html.kodesolution.com/2025/digitaal-html/news-details.html]
[html.kodesolution.com/2025/digitaal-html/images/resource/404.png]
[html.kodesolution.com/2025/digitaal-html/page-404.html]
[html.kodesolution.com/2025/digitaal-html/page-services.html]
[html.kodesolution.com/2025/digitaal-html/images/resource/service-details.jpg]
[html.kodesolution.com/2025/digitaal-html/images/resource/service-d1.jpg]
[html.kodesolution.com/2025/digitaal-html/images/resource/service-d2.jpg]
[html.kodesolution.com/2025/digitaal-html/page-service-details.html]
[html.kodesolution.com/2025/digitaal-html/page-project.html]
[html.kodesolution.com/2025/digitaal-html/images/resource/project-details.jpg]
[html.kodesolution.com/2025/digitaal-html/page-project-details.html]
[html.kodesolution.com/2025/digitaal-html/page-contact.html]
[html.kodesolution.com/2025/digitaal-html/css/animate.css]
[html.kodesolution.com/2025/digitaal-html/css/aos.css]
[html.kodesolution.com/2025/digitaal-html/css/swiper.min.css]
[html.kodesolution.com/2025/digitaal-html/css/jquery.fancybox.min.css]
[html.kodesolution.com/2025/digitaal-html/css/images/ui-icons_444444_256x240.png]
[html.kodesolution.com/2025/digitaal-html/css/images/ui-icons_555555_256x240.png]
[html.kodesolution.com/2025/digitaal-html/css/images/ui-icons_777620_256x240.png]
[html.kodesolution.com/2025/digitaal-html/css/images/ui-icons_cc0000_256x240.png]
[html.kodesolution.com/2025/digitaal-html/css/jquery-ui.css]
[html.kodesolution.com/2025/digitaal-html/fonts/linearicons-free8429.eot]
[html.kodesolution.com/2025/digitaal-html/fonts/linearicons-free8429.ttf]
[html.kodesolution.com/2025/digitaal-html/fonts/linearicons-free8429.woff]
[html.kodesolution.com/2025/digitaal-html/css/linear.css]
[html.kodesolution.com/2025/digitaal-html/css/select2.min.css]
[html.kodesolution.com/2025/digitaal-html/fonts/linearicons-free8429.svg]
[html.kodesolution.com/2025/digitaal-html/fonts/fa-brands-400.woff2]
[html.kodesolution.com/2025/digitaal-html/fonts/fa-brands-400.woff]
[html.kodesolution.com/2025/digitaal-html/fonts/fa-brands-400.ttf]
[html.kodesolution.com/2025/digitaal-html/fonts/fa-duotone-900.woff2]
[html.kodesolution.com/2025/digitaal-html/fonts/fa-duotone-900.woff]
[html.kodesolution.com/2025/digitaal-html/fonts/fa-light-300.woff2]
[html.kodesolution.com/2025/digitaal-html/fonts/fa-duotone-900.ttf]
[html.kodesolution.com/2025/digitaal-html/fonts/fa-light-300.woff]
[html.kodesolution.com/2025/digitaal-html/fonts/fa-light-300.ttf]
[html.kodesolution.com/2025/digitaal-html/fonts/fa-regular-400.woff2]
[html.kodesolution.com/2025/digitaal-html/fonts/fa-regular-400.woff]
[html.kodesolution.com/2025/digitaal-html/fonts/fa-solid-900.woff2]
[html.kodesolution.com/2025/digitaal-html/fonts/fa-regular-400.ttf]
[html.kodesolution.com/2025/digitaal-html/fonts/fa-solid-900.woff]
[html.kodesolution.com/2025/digitaal-html/fonts/fa-solid-900.ttf]
[html.kodesolution.com/2025/digitaal-html/fonts/fa-thin-100.woff2]
[html.kodesolution.com/2025/digitaal-html/fonts/fa-thin-100.woff]
[html.kodesolution.com/2025/digitaal-html/css/fontawesome.css]
[html.kodesolution.com/2025/digitaal-html/fonts/flaticon_digitaal.woff2]
[html.kodesolution.com/2025/digitaal-html/fonts/fa-thin-100.ttf]
[html.kodesolution.com/2025/digitaal-html/fonts/flaticon_digitaal.woff]
[html.kodesolution.com/2025/digitaal-html/fonts/flaticon_digitaal.eot]
[html.kodesolution.com/2025/digitaal-html/fonts/flaticon_digitaal.ttf]
[html.kodesolution.com/2025/digitaal-html/css/flaticon-digitaal.css]
[html.kodesolution.com/2025/digitaal-html/css/tm-bs-mp.css]
[html.kodesolution.com/2025/digitaal-html/css/tm-utility-classes.css]
[html.kodesolution.com/2025/digitaal-html/images/icons/pattern-1.html]
[html.kodesolution.com/2025/digitaal-html/images/icons/icon-wheel-1.html]
[html.kodesolution.com/2025/digitaal-html/images/icons/icon-wheel-2.html]
[html.kodesolution.com/2025/digitaal-html/images/icons/icon-wheel-3.html]
[html.kodesolution.com/2025/digitaal-html/images/icons/icon-wheel-5.html]
[html.kodesolution.com/2025/digitaal-html/images/icons/icon-wheel-compass-1.html]
[html.kodesolution.com/2025/digitaal-html/images/icons/icon-wheel-compass-2.html]
[html.kodesolution.com/2025/digitaal-html/images/icons/icon-wheel-compass-3.html]
[html.kodesolution.com/2025/digitaal-html/images/icons/icon-anchor-1.html]
[html.kodesolution.com/2025/digitaal-html/images/icons/icon-sailboat-line-1.html]
[html.kodesolution.com/2025/digitaal-html/images/icons/icon-sailboat-line-3.html]
[html.kodesolution.com/2025/digitaal-html/images/icons/icon-sailboat-line-4.html]
[html.kodesolution.com/2025/digitaal-html/images/icons/icon-big-boat-1.html]
[html.kodesolution.com/2025/digitaal-html/images/icons/icon-big-boat-2.html]
[html.kodesolution.com/2025/digitaal-html/images/icons/icon-big-boat-3.html]
[html.kodesolution.com/2025/digitaal-html/images/icons/icon-big-boat-5.html]
[html.kodesolution.com/2025/digitaal-html/images/background/footer1-pattern1.html]
[html.kodesolution.com/2025/digitaal-html/images/background/footer1-pattern2.html]
[html.kodesolution.com/2025/digitaal-html/images/icons/icon-plane-1.html]
[html.kodesolution.com/2025/digitaal-html/images/icons/icon-plane-2.html]
[html.kodesolution.com/2025/digitaal-html/images/icons/icon-plane-3.html]
[html.kodesolution.com/2025/digitaal-html/images/icons/icon-plane-4.html]
[html.kodesolution.com/2025/digitaal-html/images/icons/icon-plane-5.html]
[html.kodesolution.com/2025/digitaal-html/images/icons/icon-plane-6.html]
[html.kodesolution.com/2025/digitaal-html/images/icons/icon-plane-7.html]
[html.kodesolution.com/2025/digitaal-html/images/icons/icon-plane-8.html]
[html.kodesolution.com/2025/digitaal-html/images/icons/icon-plane-9.html]
[html.kodesolution.com/2025/digitaal-html/images/banner/icon-big-arrow.html]
[html.kodesolution.com/2025/digitaal-html/images/icons/icon-arrow.html]
[html.kodesolution.com/2025/digitaal-html/images/icons/icon-arrow-2.html]
[html.kodesolution.com/2025/digitaal-html/images/icons/icon-big-bus.html]
[html.kodesolution.com/2025/digitaal-html/images/icons/icon-bus.html]
[html.kodesolution.com/2025/digitaal-html/images/icons/icon-bus-2.html]
[html.kodesolution.com/2025/digitaal-html/images/icons/icon-bus-3.html]
[html.kodesolution.com/2025/digitaal-html/images/icons/overlay-1.html]
[html.kodesolution.com/2025/digitaal-html/images/icons/overlay-2.html]
[html.kodesolution.com/2025/digitaal-html/images/icons/overlay-3.html]
[html.kodesolution.com/2025/digitaal-html/images/icons/overlay-4.html]
[html.kodesolution.com/2025/digitaal-html/images/icons/overlay-5.html]
[html.kodesolution.com/2025/digitaal-html/images/icons/overlay-6.html]
[html.kodesolution.com/2025/digitaal-html/images/icons/icon-box.html]
[html.kodesolution.com/2025/digitaal-html/images/icons/icon-box-2.html]
[html.kodesolution.com/2025/digitaal-html/images/icons/icon-border-3.html]
[html.kodesolution.com/2025/digitaal-html/images/icons/icon-quote.html]
[html.kodesolution.com/2025/digitaal-html/images/icons/icon-quote-2.html]
[html.kodesolution.com/2025/digitaal-html/images/icons/icon-container.html]
[html.kodesolution.com/2025/digitaal-html/images/icons/icon-dots.html]
[html.kodesolution.com/2025/digitaal-html/images/icons/icon-dots-2.html]
[html.kodesolution.com/2025/digitaal-html/images/icons/icon-dots-3.html]
[html.kodesolution.com/2025/digitaal-html/images/icons/icon-dots-4.html]
[html.kodesolution.com/2025/digitaal-html/images/icons/icon-dots-5.html]
[html.kodesolution.com/2025/digitaal-html/images/icons/icon-dotted-map.html]
[html.kodesolution.com/2025/digitaal-html/images/icons/icon-dotted-map-2.html]
[html.kodesolution.com/2025/digitaal-html/images/icons/icon-city.html]
[html.kodesolution.com/2025/digitaal-html/images/icons/icon-city-2.html]
[html.kodesolution.com/2025/digitaal-html/images/icons/bg-lines.html]
[html.kodesolution.com/2025/digitaal-html/images/icons/icon-city-3.html]
[html.kodesolution.com/2025/digitaal-html/images/resource/instagram1-6.html]
[html.kodesolution.com/2025/digitaal-html/images/resource/instagram1-7.html]
[html.kodesolution.com/2025/digitaal-html/images/icons/theme-flower2.html]
[html.kodesolution.com/2025/digitaal-html/images/main-slider/slide-shape-bottom.html]
[html.kodesolution.com/2025/digitaal-html/images/main-slider/slide-shape-bottom2.html]
[html.kodesolution.com/2025/digitaal-html/images/resource/testimonial-pattrn1-1.html]
[html.kodesolution.com/2025/digitaal-html/images/icons/footer-bg-1.html]
[html.kodesolution.com/2025/digitaal-html/images/icons/footer-bg-2.html]
[html.kodesolution.com/2025/digitaal-html/images/icons/footer-bg-3.html]
[html.kodesolution.com/2025/digitaal-html/images/icons/footer-bg-4.html]
[html.kodesolution.com/2025/digitaal-html/images/icons/footer-bg-5.html]
[html.kodesolution.com/2025/digitaal-html/images/icons/footer-bg-6.html]
[html.kodesolution.com/2025/digitaal-html/images/icons/footer-bg-7.html]
[html.kodesolution.com/2025/digitaal-html/images/icons/footer-bg-8.html]
[html.kodesolution.com/2025/digitaal-html/images/icons/footer-bg-9.html]
[html.kodesolution.com/2025/digitaal-html/images/icons/footer-bg-10.html]
[html.kodesolution.com/2025/digitaal-html/images/icons/footer-bg-11.html]
[html.kodesolution.com/2025/digitaal-html/images/icons/cat-1-bg.html]
[html.kodesolution.com/2025/digitaal-html/images/icons/cat-2-bg.html]
[html.kodesolution.com/2025/digitaal-html/images/icons/cat-3-bg.html]
[html.kodesolution.com/2025/digitaal-html/images/icons/cat-4-bg.html]
[html.kodesolution.com/2025/digitaal-html/images/icons/shape-7.html]
[html.kodesolution.com/2025/digitaal-html/images/resource/stylish-title.svg]
[html.kodesolution.com/2025/digitaal-html/shop-details.html]
[html.kodesolution.com/2025/digitaal-html/index-1-single.html]
[html.kodesolution.com/2025/digitaal-html/index-2-single.html]
[html.kodesolution.com/2025/digitaal-html/index-3-single.html]
[html.kodesolution.com/2025/digitaal-html/index-4-single.html]
[html.kodesolution.com/2025/digitaal-html/index-5-single.html]
[html.kodesolution.com/2025/digitaal-html/index-6-single.html]
[html.kodesolution.com/2025/digitaal-html/index-7-single.html]
[html.kodesolution.com/2025/digitaal-html/index-1-dark.html]
[html.kodesolution.com/2025/digitaal-html/index-2-dark.html]
[html.kodesolution.com/2025/digitaal-html/index-3-dark.html]
[html.kodesolution.com/2025/digitaal-html/index-4-dark.html]
[html.kodesolution.com/2025/digitaal-html/index-5-dark.html]
[html.kodesolution.com/2025/digitaal-html/index-6-dark.html]
[html.kodesolution.com/2025/digitaal-html/index-7-dark.html]
[html.kodesolution.com/2025/digitaal-html/index-1-rtl.html]
[html.kodesolution.com/2025/digitaal-html/css/images/ui-icons_777620_256x240.html]
[html.kodesolution.com/2025/digitaal-html/css/images/ui-icons_cc0000_256x240.html]
[html.kodesolution.com/2025/digitaal-html/fonts/linearicons-free8429.svg]
[html.kodesolution.com/2025/digitaal-html/fonts/flaticon_digitaal.svg]
[html.kodesolution.com/2025/digitaal-html/fonts/flaticon_digitaal.svg]
